I'm sorry, but errors were detected in your script. Please correct the
errors listed below, and try again.


File "game/script.rpy", line 73: reached end of line when expecting ':'.
    if lives=5
              ^

File "game/script.rpy", line 75: expected statement.
    elif lives=4
              ^

File "game/script.rpy", line 77: expected statement.
    elif lives=3
              ^

File "game/script.rpy", line 79: expected statement.
    elif lives<=2
              ^

Ren'Py Version: Ren'Py 6.99.13.2919
